source.edit.kind.active:
  1:1-1:1 "fileprivate func extractedFunc() -> Int {
var a = 3
  a = a + 1
  return 1
}

"
  <note>source.refactoring.range.kind.basename 1:18-1:31 "extractedFunc"</note>
source.edit.kind.active:
  2:3-4:11 "return extractedFunc()"
  <note>source.refactoring.range.kind.basename 1:8-1:21 "extractedFunc"</note>
