// REQUIRES: objc_interop
// RUN: %empty-directory(%t.mod)
// RUN: %target-swift-frontend -emit-module -o %t.mod/Cities.swiftmodule %S/Inputs/Cities.swift -module-name Cities -parse-as-library
// RUN: %empty-directory(%t) && %target-swift-frontend -c -update-code -disable-migrator-fixits -primary-file %s  -I %t.mod -api-diff-data-file %S/Inputs/API.json -emit-migrated-file-path %t/rename-func-decl.swift.result -o %t/rename-func-decl.swift.remap -o /dev/null
// RUN: diff -u %S/rename-func-decl.swift.expected %t/rename-func-decl.swift.result

import Cities

class MyCities : MoreCities {
  func setZooLocationNew(newX ix: Int, newY iy: Int, newZ iz: Int) {}
  func addNewZooAt(_ x: Int, newY y: Int, newZ z: Int) {}
}
