source.edit.kind.active:
  29:11-29:12 "c"
source.edit.kind.active:
  28:33-28:34 "c"
  28:34-28:36 ""
