source.edit.kind.mismatch:
source.edit.kind.mismatch:
source.edit.kind.mismatch:
