source.edit.kind.active:
  77:10-77:15 "NewLayer"
source.edit.kind.active:
  80:27-80:32 "NewLayer"
source.edit.kind.active:
  80:37-80:42 "NewLayer"
source.edit.kind.active:
  80:45-80:50 "NewLayer"
