source.edit.kind.active:
  17:5-17:6 "z"
source.edit.kind.active:
  19:7-19:8 "z"
