source.edit.kind.active:
  1:8-1:11 source.refactoring.range.kind.basename
source.edit.kind.unknown:
source.edit.kind.mismatch:
source.edit.kind.active:
  6:5-6:8 source.refactoring.range.kind.basename
