Constructor BinaryFloatingPoint.init(_:) has been removed
Constructor Double.init(_:) has parameter 0 type change from Swift.Float80 to Swift.Float16
Constructor Double.init(exactly:) has parameter 0 type change from Swift.Float80 to Swift.Float16
Constructor Float.init(_:) has parameter 0 type change from Swift.Float80 to Swift.Float16
Constructor Float.init(exactly:) has parameter 0 type change from Swift.Float80 to Swift.Float16
Constructor Int.init(_:) has parameter 0 type change from Swift.Float80 to Swift.Float16
Constructor Int.init(exactly:) has parameter 0 type change from Swift.Float80 to Swift.Float16
Constructor Int16.init(_:) has parameter 0 type change from Swift.Float80 to Swift.Float16
Constructor Int16.init(exactly:) has parameter 0 type change from Swift.Float80 to Swift.Float16
Constructor Int32.init(_:) has parameter 0 type change from Swift.Float80 to Swift.Float16
Constructor Int32.init(exactly:) has parameter 0 type change from Swift.Float80 to Swift.Float16
Constructor Int64.init(_:) has parameter 0 type change from Swift.Float80 to Swift.Float16
Constructor Int64.init(exactly:) has parameter 0 type change from Swift.Float80 to Swift.Float16
Constructor Int8.init(_:) has parameter 0 type change from Swift.Float80 to Swift.Float16
Constructor Int8.init(exactly:) has parameter 0 type change from Swift.Float80 to Swift.Float16
Constructor UInt.init(_:) has parameter 0 type change from Swift.Float80 to Swift.Float16
Constructor UInt.init(exactly:) has parameter 0 type change from Swift.Float80 to Swift.Float16
Constructor UInt16.init(_:) has parameter 0 type change from Swift.Float80 to Swift.Float16
Constructor UInt16.init(exactly:) has parameter 0 type change from Swift.Float80 to Swift.Float16
Constructor UInt32.init(_:) has parameter 0 type change from Swift.Float80 to Swift.Float16
Constructor UInt32.init(exactly:) has parameter 0 type change from Swift.Float80 to Swift.Float16
Constructor UInt64.init(_:) has parameter 0 type change from Swift.Float80 to Swift.Float16
Constructor UInt64.init(exactly:) has parameter 0 type change from Swift.Float80 to Swift.Float16
Constructor UInt8.init(_:) has parameter 0 type change from Swift.Float80 to Swift.Float16
Constructor UInt8.init(exactly:) has parameter 0 type change from Swift.Float80 to Swift.Float16
Struct Float80 has been removed
TypeAlias CLongDouble has underlying type change from Swift.Float80 to Swift.Double
