/*
    /*foo:unknown*/<base>foo</base>() is not /*foo:unknown*/<base>foo</base>(first:)
*/
/// This describes /*foo:unknown*/<base>foo</base> and /*foo:unknown*/<base>foo</base>
func /*foo:def*/<base>foo</base>() {
    let /*foo:def*/<base>foo</base> = "Here is /*foo:unknown*/<base>foo</base>"
    // /*foo:unknown*/<base>foo</base>'s return
    #selector(Struct . /*foo:unknown*/foo(_:aboveSubview:))
    #selector(/*foo:unknown*/foo(_:))
    #selector(#selector(/*foo:unknown*/<base>foo</base>))

    #if true
        /*foo*/<base>foo</base> = 2
        /*foo*/<base>foo</base>()
        /*foo:call*/<base>foo</base>()
        /*foo:unknown*/foo = 3
        /*foo:unknown*/foo()
        #if false
            /*foo:unknown*/<base>foo</base> += 2
            /*foo:unknown*/<base>foo</base>()
        #endif
    #else
        /*foo:unknown*/<base>foo</base> = 4
    #endif

    return 1
}

#if false
class /*MyClass:unknown*/MyClass {}
_ = /*MyClass:unknown*/Mismatch()
_ = /*MyClass:unknown*/MyClass()
#else
class /*MyClass:unknown*/MyClass {}
_ = /*MyClass:unknown*/Mismatch()
_ = /*MyClass:unknown*/MyClass()
#endif

