source.edit.kind.active:
  29:17-29:17 "c: "
source.edit.kind.active:
  28:43-28:44 "c"
