source.edit.kind.active:
  116:19-116:34 "renamedProperty"
source.edit.kind.active:
  117:14-117:29 "renamedProperty"
